../Core/func/bignum_func.c:10:23:BN_bn2str	24	static
../Core/func/bignum_func.c:21:23:BN_str2bn	40	static
../Core/func/bignum_func.c:37:23:BN_uint64_length	24	static
../Core/func/bignum_func.c:46:23:BN_high_length	32	static
../Core/func/bignum_func.c:55:23:BN_bit_length	32	static
../Core/func/bignum_func.c:64:23:BN_add	72	static
../Core/func/bignum_func.c:86:23:BN_sub	88	static
../Core/func/bignum_func.c:112:23:BN_mul2	56	static
../Core/func/bignum_func.c:133:23:BN_div2	56	static
../Core/func/bignum_func.c:154:23:BN_left	88	static
../Core/func/bignum_func.c:176:23:BN_cmp	24	static
../Core/func/bignum_func.c:197:23:BN_mul	80	static
../Core/func/bignum_func.c:244:23:BN_pow_fast	56	static
../Core/func/bignum_func.c:269:23:BN_1_left	32	static
../Core/func/bignum_func.c:276:23:BN_div	48	static
../Core/func/bignum_func.c:299:23:BN_div_mod	40	static
../Core/func/bignum_func.c:323:23:BN_Extended_Euclid_Algorithm	56	static
../Core/func/bignum_func.c:364:23:BN_Miller_Rabin	96	static
../Core/func/bignum_func.c:410:23:BN_rand	72	static
